<?xml version="1.0" encoding="UTF-8"?>
<TestRun id="51cc81bd-4383-4066-bd17-ef97bdc27dc2" name="Administrator@DEMO 2012-03-08 13:39:46" runUser="DEMO\Administrator" xmlns="http://microsoft.com/schemas/VisualStudio/TeamTest/2010">
  <TestSettings name="Default Test Settings" id="297c96fb-4db5-4163-a34b-8deffc6e69a9">
    <Execution>
      <TestTypeSpecific />
      <AgentRule name="Execution Agents">
      </AgentRule>
    </Execution>
    <Deployment runDeploymentRoot="Administrator_DEMO 2012-03-08 13_39_46" />
  </TestSettings>
  <Times creation="2012-03-08T13:39:46.6346030-05:00" queuing="2012-03-08T13:39:47.5846573-05:00" start="2012-03-08T13:39:48.0676849-05:00" finish="2012-03-08T13:48:23.6471744-05:00" />
  <ResultSummary outcome="Error">
    <Counters total="1" executed="1" error="0" failed="0" timeout="0" aborted="1" inconclusive="0" passedButRunAborted="0" notRunnable="0" notExecuted="0" disconnected="0" warning="0" passed="0" completed="0" inProgress="0" pending="0" />
    <RunInfos>
      <RunInfo computerName="DEMO" outcome="Error" timestamp="2012-03-08T13:48:23.6411741-05:00">
        <Text>Test host process exited unexpectedly.</Text>
      </RunInfo>
    </RunInfos>
  </ResultSummary>
  <TestDefinitions>
    <WebAiiTest name="JayneTest" storage="d:\teststudiodemos\workingwithlocators\locatortests\jaynetest.tstest" priority="0" id="850d93cf-145c-42a8-bb1a-e22310642cb6" xmlns="http://artoftest.com/schemas/WebAiiDesignCanvas/1.0.0">
      <Description xmlns="http://microsoft.com/schemas/VisualStudio/TeamTest/2010">WebAii Testcase</Description>
      <DeploymentItems xmlns="http://microsoft.com/schemas/VisualStudio/TeamTest/2010">
        <DeploymentItem filename="bin\Debug\LocatorTests.dll" />
      </DeploymentItems>
      <Execution id="a1cf6482-0d01-4c10-804d-4c6018b53c11" xmlns="http://microsoft.com/schemas/VisualStudio/TeamTest/2010" />
    </WebAiiTest>
  </TestDefinitions>
  <TestLists>
    <TestList name="Results Not in a List" id="8c84fa94-04c1-424b-9868-57a2d4851a1d" />
    <TestList name="All Loaded Results" id="19431567-8539-422a-85d7-44ee4e166bda" />
  </TestLists>
  <TestEntries>
    <TestEntry testId="850d93cf-145c-42a8-bb1a-e22310642cb6" executionId="a1cf6482-0d01-4c10-804d-4c6018b53c11" testListId="8c84fa94-04c1-424b-9868-57a2d4851a1d" />
  </TestEntries>
  <Results>
    <WebAiiTestResult executionId="a1cf6482-0d01-4c10-804d-4c6018b53c11" testId="850d93cf-145c-42a8-bb1a-e22310642cb6" testName="JayneTest" computerName="DEMO" duration="05:08:35.4594826" startTime="2012-03-08T13:39:48.1846916-05:00" endTime="2012-03-08T13:48:23.6441742-05:00" testType="c4241296-3c6e-46b1-bf92-e0bd3e0eb017" outcome="Aborted" testListId="8c84fa94-04c1-424b-9868-57a2d4851a1d" relativeResultsDirectory="a1cf6482-0d01-4c10-804d-4c6018b53c11" xmlns="http://artoftest.com/schemas/WebAiiDesignCanvas/1.0.0">
    </WebAiiTestResult>
  </Results>
</TestRun>