<?xml version="1.0" encoding="UTF-8"?>
<TestRun id="e9db4570-b4ea-49c3-af94-a5558b4f2dcb" name="Administrator@DEMO 2012-03-09 08:35:11" runUser="DEMO\Administrator" xmlns="http://microsoft.com/schemas/VisualStudio/TeamTest/2010">
  <TestSettings name="Default Test Settings" id="736364e1-8b5c-4d8e-8304-df426ce94536">
    <Execution>
      <TestTypeSpecific />
      <AgentRule name="Execution Agents">
      </AgentRule>
    </Execution>
    <Deployment runDeploymentRoot="Administrator_DEMO 2012-03-09 08_35_11" />
  </TestSettings>
  <Times creation="2012-03-09T08:35:11.7511368-05:00" queuing="2012-03-09T08:35:12.8602002-05:00" start="2012-03-09T08:35:13.3312271-05:00" finish="2012-03-09T08:35:40.2127647-05:00" />
  <ResultSummary outcome="Completed">
    <Counters total="1" executed="1" passed="1" error="0" failed="0" timeout="0" aborted="0" inconclusive="0" passedButRunAborted="0" notRunnable="0" notExecuted="0" disconnected="0" warning="0" completed="0" inProgress="0" pending="0" />
  </ResultSummary>
  <TestDefinitions>
    <WebAiiTest name="JayneTest" storage="d:\teststudiodemos\workingwithlocators\locatortests\jaynetest.tstest" priority="0" id="850d93cf-145c-42a8-bb1a-e22310642cb6" xmlns="http://artoftest.com/schemas/WebAiiDesignCanvas/1.0.0">
      <Description xmlns="http://microsoft.com/schemas/VisualStudio/TeamTest/2010">WebAii Testcase</Description>
      <DeploymentItems xmlns="http://microsoft.com/schemas/VisualStudio/TeamTest/2010">
        <DeploymentItem filename="bin\Debug\LocatorTests.dll" />
      </DeploymentItems>
      <Execution id="77d7350e-2aa1-4f1b-bfc2-84190ac35327" xmlns="http://microsoft.com/schemas/VisualStudio/TeamTest/2010" />
    </WebAiiTest>
  </TestDefinitions>
  <TestLists>
    <TestList name="Results Not in a List" id="8c84fa94-04c1-424b-9868-57a2d4851a1d" />
    <TestList name="All Loaded Results" id="19431567-8539-422a-85d7-44ee4e166bda" />
  </TestLists>
  <TestEntries>
    <TestEntry testId="850d93cf-145c-42a8-bb1a-e22310642cb6" executionId="77d7350e-2aa1-4f1b-bfc2-84190ac35327" testListId="8c84fa94-04c1-424b-9868-57a2d4851a1d" />
  </TestEntries>
  <Results>
    <WebAiiTestResult executionId="77d7350e-2aa1-4f1b-bfc2-84190ac35327" testId="850d93cf-145c-42a8-bb1a-e22310642cb6" testName="JayneTest" computerName="DEMO" duration="00:00:26.7517702" startTime="2012-03-09T08:35:13.3722295-05:00" endTime="2012-03-09T08:35:40.1287599-05:00" testType="c4241296-3c6e-46b1-bf92-e0bd3e0eb017" outcome="Passed" testListId="8c84fa94-04c1-424b-9868-57a2d4851a1d" relativeResultsDirectory="77d7350e-2aa1-4f1b-bfc2-84190ac35327" xmlns="http://artoftest.com/schemas/WebAiiDesignCanvas/1.0.0">
      <Output xmlns="http://microsoft.com/schemas/VisualStudio/TeamTest/2010">
        <ErrorInfo>
          <Message>Overall Result: Pass
------------------------------------------------------------
'3/9/2012 8:35:13 AM' - Using .Net Runtime version: '4.0.30319.237' for tests execution.
'3/9/2012 8:35:13 AM' - Starting execution....
'3/9/2012 8:35:15 AM' - Detected custom code in test. Locating test assembly: LocatorTests.dll.
'3/9/2012 8:35:15 AM' - Assembly Found: D:\TestStudioDemos\WorkingWithLocators\TestResults\Administrator_DEMO 2012-03-09 08_35_11\Out\LocatorTests.dll
'3/9/2012 8:35:15 AM' - Loading code class: 'LocatorTests.JayneTest'.
------------------------------------------------------------
------------------------------------------------------------
'3/9/2012 8:35:15 AM' - Using 'InternetExplorer' version '9.0' as default browser. 
'3/9/2012 8:35:17 AM' - 'Pass' : 1. Navigate to : 'http://localhost/WorkingWithLocators/'
'3/9/2012 8:35:29 AM' - LOG: Count of rows: 2
'3/9/2012 8:35:29 AM' - 'Pass' : 2. [Verify_NewEarth_region_shows_proper_count] : @"New Coded Step
'3/9/2012 8:35:29 AM' - 'NotRun' : 3. [JayneTest_CodedStep] : @"New Coded Step
'3/9/2012 8:35:29 AM' - 'NotRun' : 4. Verify 'InnerText' 'Contains' 'CobbJayne' on 'RadGrid11TableRow'
------------------------------------------------------------
'3/9/2012 8:35:29 AM' - Overall Result: Pass
'3/9/2012 8:35:29 AM' - Duration: [0 min: 13 sec: 217 msec]
------------------------------------------------------------
'3/9/2012 8:35:29 AM' - Test completed!
</Message>
        </ErrorInfo>
      </Output>
      <WebAiiTestResult Type="ArtOfTest.WebAii.Design.Execution.TestResult" Version="2011.2.1413.0" xmlns="">
        <TestId Type="System.String">850d93cf-145c-42a8-bb1a-e22310642cb6</TestId>
        <TestName Type="System.String">JayneTest</TestName>
        <TestPath Type="System.String">JayneTest.tstest</TestPath>
        <TestDescription Type="System.String">
        </TestDescription>
        <ProjectPath Type="System.String">
        </ProjectPath>
        <ResultType Type="ArtOfTest.Common.Design.ResultType">Pass</ResultType>
        <AutomationStepResults>
          <Item Type="ArtOfTest.WebAii.Design.AutomationStepResult" Version="2011.2.1413.0">
            <ResultType Type="ArtOfTest.Common.Design.ResultType">Pass</ResultType>
            <StepDescription Type="System.String">Navigate to : 'http://localhost/WorkingWithLocators/'</StepDescription>
            <TestId Type="System.String">850d93cf-145c-42a8-bb1a-e22310642cb6</TestId>
            <TestName Type="System.String">JayneTest</TestName>
            <TestPath Type="System.String">JayneTest.tstest</TestPath>
            <TestStepNumber Type="System.Int32">0</TestStepNumber>
            <Order Type="System.Int32">1</Order>
            <LogMessageOnError Type="System.String">
            </LogMessageOnError>
            <HashCode Type="System.Int32">1347723234</HashCode>
            <IsManual Type="System.Boolean">False</IsManual>
            <WasStepEnabled Type="System.Boolean">False</WasStepEnabled>
          </Item>
          <Item Type="ArtOfTest.WebAii.Design.AutomationStepResult" Version="2011.2.1413.0">
            <ResultType Type="ArtOfTest.Common.Design.ResultType">Pass</ResultType>
            <StepDescription Type="System.String">[Verify_NewEarth_region_shows_proper_count] : @"New Coded Step</StepDescription>
            <TestId Type="System.String">850d93cf-145c-42a8-bb1a-e22310642cb6</TestId>
            <TestName Type="System.String">JayneTest</TestName>
            <TestPath Type="System.String">JayneTest.tstest</TestPath>
            <TestStepNumber Type="System.Int32">1</TestStepNumber>
            <Order Type="System.Int32">2</Order>
            <LogMessageOnError Type="System.String">
            </LogMessageOnError>
            <HashCode Type="System.Int32">2113398267</HashCode>
            <IsManual Type="System.Boolean">False</IsManual>
            <WasStepEnabled Type="System.Boolean">False</WasStepEnabled>
          </Item>
          <Item Type="ArtOfTest.WebAii.Design.AutomationStepResult" Version="2011.2.1413.0">
            <ResultType Type="ArtOfTest.Common.Design.ResultType">NotRun</ResultType>
            <StepDescription Type="System.String">[JayneTest_CodedStep] : @"New Coded Step</StepDescription>
            <TestId Type="System.String">850d93cf-145c-42a8-bb1a-e22310642cb6</TestId>
            <TestName Type="System.String">JayneTest</TestName>
            <TestPath Type="System.String">JayneTest.tstest</TestPath>
            <TestStepNumber Type="System.Int32">2</TestStepNumber>
            <Order Type="System.Int32">3</Order>
            <LogMessageOnError Type="System.String">
            </LogMessageOnError>
            <HashCode Type="System.Int32">2113398268</HashCode>
            <IsManual Type="System.Boolean">False</IsManual>
            <WasStepEnabled Type="System.Boolean">False</WasStepEnabled>
          </Item>
          <Item Type="ArtOfTest.WebAii.Design.AutomationStepResult" Version="2011.2.1413.0">
            <ResultType Type="ArtOfTest.Common.Design.ResultType">NotRun</ResultType>
            <StepDescription Type="System.String">Verify 'InnerText' 'Contains' 'CobbJayne' on 'RadGrid11TableRow'</StepDescription>
            <TestId Type="System.String">850d93cf-145c-42a8-bb1a-e22310642cb6</TestId>
            <TestName Type="System.String">JayneTest</TestName>
            <TestPath Type="System.String">JayneTest.tstest</TestPath>
            <TestStepNumber Type="System.Int32">3</TestStepNumber>
            <Order Type="System.Int32">4</Order>
            <LogMessageOnError Type="System.String">
            </LogMessageOnError>
            <HashCode Type="System.Int32">-1313506170</HashCode>
            <IsManual Type="System.Boolean">False</IsManual>
            <WasStepEnabled Type="System.Boolean">False</WasStepEnabled>
          </Item>
        </AutomationStepResults>
        <NotRunStepDescriptions />
        <PerStepMessages Type="System.String">Overall Result: Pass
------------------------------------------------------------
'3/9/2012 8:35:13 AM' - Using .Net Runtime version: '4.0.30319.237' for tests execution.
'3/9/2012 8:35:13 AM' - Starting execution....
'3/9/2012 8:35:15 AM' - Detected custom code in test. Locating test assembly: LocatorTests.dll.
'3/9/2012 8:35:15 AM' - Assembly Found: D:\TestStudioDemos\WorkingWithLocators\TestResults\Administrator_DEMO 2012-03-09 08_35_11\Out\LocatorTests.dll
'3/9/2012 8:35:15 AM' - Loading code class: 'LocatorTests.JayneTest'.
------------------------------------------------------------
------------------------------------------------------------
'3/9/2012 8:35:15 AM' - Using 'InternetExplorer' version '9.0' as default browser. 
'3/9/2012 8:35:17 AM' - 'Pass' : 1. Navigate to : 'http://localhost/WorkingWithLocators/'
'3/9/2012 8:35:29 AM' - LOG: Count of rows: 2
'3/9/2012 8:35:29 AM' - 'Pass' : 2. [Verify_NewEarth_region_shows_proper_count] : @"New Coded Step
'3/9/2012 8:35:29 AM' - 'NotRun' : 3. [JayneTest_CodedStep] : @"New Coded Step
'3/9/2012 8:35:29 AM' - 'NotRun' : 4. Verify 'InnerText' 'Contains' 'CobbJayne' on 'RadGrid11TableRow'
------------------------------------------------------------
'3/9/2012 8:35:29 AM' - Overall Result: Pass
'3/9/2012 8:35:29 AM' - Duration: [0 min: 13 sec: 217 msec]
------------------------------------------------------------
'3/9/2012 8:35:29 AM' - Test completed!
</PerStepMessages>
        <TotalNumberOfPassedSteps Type="System.Int32">2</TotalNumberOfPassedSteps>
        <ExecutingTestStepCount Type="System.Int32">2</ExecutingTestStepCount>
        <TotalNumberOfNotRunSteps Type="System.Int32">2</TotalNumberOfNotRunSteps>
        <IsDataDrivenResult Type="System.Boolean">False</IsDataDrivenResult>
        <SeparatorLineCharCount Type="System.Int32">60</SeparatorLineCharCount>
        <ExecutionType Type="ArtOfTest.Common.Design.ExecutionType">QuickExecution</ExecutionType>
        <EndTime Type="System.DateTime">2012-03-09 13:35:29Z</EndTime>
        <StarTime Type="System.DateTime">2012-03-09 13:35:15Z</StarTime>
        <DataIterationResults />
        <VersionGroupKey Type="System.String">00000000-0000-0000-0000-000000000000</VersionGroupKey>
      </WebAiiTestResult>
    </WebAiiTestResult>
  </Results>
</TestRun>